 
****************************************
Report : qor
Design : vsdbabysoc
Version: T-2022.03-SP5-1
Date   : Wed Sep 27 17:51:39 2023
****************************************


  Timing Path Group 'clk'
  -----------------------------------
  Levels of Logic:              19.00
  Critical Path Length:          2.64
  Critical Path Slack:          -1.39
  Critical Path Clk Period:      1.50
  Total Negative Slack:       -696.16
  No. of Violating Paths:      565.00
  Worst Hold Violation:          0.00
  Total Hold Violation:          0.00
  No. of Hold Violations:        0.00
  -----------------------------------


  Cell Count
  -----------------------------------
  Hierarchical Cell Count:          1
  Hierarchical Port Count:         12
  Leaf Cell Count:               3678
  Buf/Inv Cell Count:             905
  Buf Cell Count:                  33
  Inv Cell Count:                 872
  CT Buf/Inv Cell Count:            0
  Combinational Cell Count:      3058
  Sequential Cell Count:          620
  Macro Count:                      0
  -----------------------------------


  Area
  -----------------------------------
  Combinational Area:    16057.900567
  Noncombinational Area: 12932.402897
  Buf/Inv Area:           3707.305504
  Total Buffer Area:           233.97
  Total Inverter Area:        3473.33
  Macro/Black Box Area:      0.000000
  Net Area:                  0.000000
  -----------------------------------
  Cell Area:             28990.303464
  Design Area:           28990.303464


  Design Rules
  -----------------------------------
  Total Number of Nets:          3694
  Nets With Violations:             0
  Max Trans Violations:             0
  Max Cap Violations:               0
  -----------------------------------


  Hostname: ssirlab03

  Compile CPU Statistics
  -----------------------------------------
  Resource Sharing:                    0.02
  Logic Optimization:                 13.98
  Mapping Optimization:               44.99
  -----------------------------------------
  Overall Compile Time:               74.97
  Overall Compile Wall Clock Time:    76.17

  --------------------------------------------------------------------

  Design  WNS: 1.39  TNS: 696.16  Number of Violating Paths: 565


  Design (Hold)  WNS: 0.00  TNS: 0.00  Number of Violating Paths: 0

  --------------------------------------------------------------------


1
